­ƒÜÇ Starting MCP Document Reader Test Suite...

node.exe : Document Reader 
MCP Server v1.1.0 running on 
stdio
At line:1 char:1
+ & "C:\Program 
Files\nodejs/node.exe" 
"C:\Program 
Files\nodejs/node_mo ...
+ ~~~~~~~~~~~~~~~~~~~~~~~~~~~
~~~~~~~~~~~~~~~~~~~~~~~~~~~~~
~~~~~~~~~~~~~
    + CategoryInfo           
   : NotSpecified: (Documen  
  t Reader...unning on std   
 io:String) [], RemoteExc    
eption
    + FullyQualifiedErrorId  
   : NativeCommandError
 
Ô£à Connected to MCP server


­ƒôä ===== PDF TESTS =====

============================================================
­ƒöº Tool: get_document_info
­ƒôª Args: {
  "filePath": "C:\\Users\\pc\\Documents\\work\\SELF PROJECTS\\PDF-PPT-MCP\\test.pdf"
}
ÔöÇÔöÇÔöÇÔöÇÔöÇÔöÇÔöÇÔöÇÔöÇÔöÇÔöÇÔöÇÔöÇÔöÇÔöÇÔöÇÔöÇÔöÇÔöÇÔöÇÔöÇÔöÇÔöÇÔöÇÔöÇÔöÇÔöÇÔöÇÔöÇÔöÇÔöÇÔöÇÔöÇÔöÇÔöÇÔöÇÔöÇÔöÇÔöÇÔöÇÔöÇÔöÇÔöÇÔöÇÔöÇÔöÇÔöÇÔöÇÔöÇÔöÇÔöÇÔöÇÔöÇÔöÇÔöÇÔöÇÔöÇÔöÇÔöÇÔöÇ
­ƒôä **test.pdf** ÔÇö PDF document
ÔÇó Total pages: 2

============================================================
­ƒöº Tool: read_document_page
­ƒôª Args: {
  "filePath": "C:\\Users\\pc\\Documents\\work\\SELF PROJECTS\\PDF-PPT-MCP\\test.pdf",
  "pageOrSheet": "1"
}
ÔöÇÔöÇÔöÇÔöÇÔöÇÔöÇÔöÇÔöÇÔöÇÔöÇÔöÇÔöÇÔöÇÔöÇÔöÇÔöÇÔöÇÔöÇÔöÇÔöÇÔöÇÔöÇÔöÇÔöÇÔöÇÔöÇÔöÇÔöÇÔöÇÔöÇÔöÇÔöÇÔöÇÔöÇÔöÇÔöÇÔöÇÔöÇÔöÇÔöÇÔöÇÔöÇÔöÇÔöÇÔöÇÔöÇÔöÇÔöÇÔöÇÔöÇÔöÇÔöÇÔöÇÔöÇÔöÇÔöÇÔöÇÔöÇÔöÇÔöÇ
--- Page 1 of 2 ---

This is page 1 of the test PDF.

-- 1 of 2 --

============================================================
­ƒöº Tool: read_document_page
­ƒôª Args: {
  "filePath": "C:\\Users\\pc\\Documents\\work\\SELF PROJECTS\\PDF-PPT-MCP\\test.pdf",
  "pageOrSheet": "2"
}
ÔöÇÔöÇÔöÇÔöÇÔöÇÔöÇÔöÇÔöÇÔöÇÔöÇÔöÇÔöÇÔöÇÔöÇÔöÇÔöÇÔöÇÔöÇÔöÇÔöÇÔöÇÔöÇÔöÇÔöÇÔöÇÔöÇÔöÇÔöÇÔöÇÔöÇÔöÇÔöÇÔöÇÔöÇÔöÇÔöÇÔöÇÔöÇÔöÇÔöÇÔöÇÔöÇÔöÇÔöÇÔöÇÔöÇÔöÇÔöÇÔöÇÔöÇÔöÇÔöÇÔöÇÔöÇÔöÇÔöÇÔöÇÔöÇÔöÇÔöÇ
--- Page 2 of 2 ---

This is page 2. We are testing the
document reader MCP.

-- 2 of 2 --

============================================================
­ƒöº Tool: search_document
­ƒôª Args: {
  "filePath": "C:\\Users\\pc\\Documents\\work\\SELF PROJECTS\\PDF-PPT-MCP\\test.pdf",
  "query": "testing"
}
ÔöÇÔöÇÔöÇÔöÇÔöÇÔöÇÔöÇÔöÇÔöÇÔöÇÔöÇÔöÇÔöÇÔöÇÔöÇÔöÇÔöÇÔöÇÔöÇÔöÇÔöÇÔöÇÔöÇÔöÇÔöÇÔöÇÔöÇÔöÇÔöÇÔöÇÔöÇÔöÇÔöÇÔöÇÔöÇÔöÇÔöÇÔöÇÔöÇÔöÇÔöÇÔöÇÔöÇÔöÇÔöÇÔöÇÔöÇÔöÇÔöÇÔöÇÔöÇÔöÇÔöÇÔöÇÔöÇÔöÇÔöÇÔöÇÔöÇÔöÇ
Found 1 match(es) for "testing":

[Page 2]:
...This is page 2. We are testing the document reader MCP. -- 2 of 2 --...

­ƒôØ ===== WORD TESTS =====

============================================================
­ƒöº Tool: get_document_info
­ƒôª Args: {
  "filePath": "C:\\Users\\pc\\Documents\\work\\SELF PROJECTS\\PDF-PPT-MCP\\test.docx"
}
ÔöÇÔöÇÔöÇÔöÇÔöÇÔöÇÔöÇÔöÇÔöÇÔöÇÔöÇÔöÇÔöÇÔöÇÔöÇÔöÇÔöÇÔöÇÔöÇÔöÇÔöÇÔöÇÔöÇÔöÇÔöÇÔöÇÔöÇÔöÇÔöÇÔöÇÔöÇÔöÇÔöÇÔöÇÔöÇÔöÇÔöÇÔöÇÔöÇÔöÇÔöÇÔöÇÔöÇÔöÇÔöÇÔöÇÔöÇÔöÇÔöÇÔöÇÔöÇÔöÇÔöÇÔöÇÔöÇÔöÇÔöÇÔöÇÔöÇÔöÇ
­ƒôØ **test.docx** ÔÇö Word document
ÔÇó Total chunks: 1 (Ôëê2000 chars each)

============================================================
­ƒöº Tool: read_document_page
­ƒôª Args: {
  "filePath": "C:\\Users\\pc\\Documents\\work\\SELF PROJECTS\\PDF-PPT-MCP\\test.docx",
  "pageOrSheet": "1"
}
ÔöÇÔöÇÔöÇÔöÇÔöÇÔöÇÔöÇÔöÇÔöÇÔöÇÔöÇÔöÇÔöÇÔöÇÔöÇÔöÇÔöÇÔöÇÔöÇÔöÇÔöÇÔöÇÔöÇÔöÇÔöÇÔöÇÔöÇÔöÇÔöÇÔöÇÔöÇÔöÇÔöÇÔöÇÔöÇÔöÇÔöÇÔöÇÔöÇÔöÇÔöÇÔöÇÔöÇÔöÇÔöÇÔöÇÔöÇÔöÇÔöÇÔöÇÔöÇÔöÇÔöÇÔöÇÔöÇÔöÇÔöÇÔöÇÔöÇÔöÇ
--- Chunk 1 of 1 ---

This is the first paragraph of the test Word document.

This is the second paragraph. It contains information about testing the MCP server.

The Document Reader MCP server can read Word, Excel, PDF, and PowerPoint files.

This is the final paragraph. Search for the word 'testing' to find this chunk.

============================================================
­ƒöº Tool: search_document
­ƒôª Args: {
  "filePath": "C:\\Users\\pc\\Documents\\work\\SELF PROJECTS\\PDF-PPT-MCP\\test.docx",
  "query": "testing"
}
ÔöÇÔöÇÔöÇÔöÇÔöÇÔöÇÔöÇÔöÇÔöÇÔöÇÔöÇÔöÇÔöÇÔöÇÔöÇÔöÇÔöÇÔöÇÔöÇÔöÇÔöÇÔöÇÔöÇÔöÇÔöÇÔöÇÔöÇÔöÇÔöÇÔöÇÔöÇÔöÇÔöÇÔöÇÔöÇÔöÇÔöÇÔöÇÔöÇÔöÇÔöÇÔöÇÔöÇÔöÇÔöÇÔöÇÔöÇÔöÇÔöÇÔöÇÔöÇÔöÇÔöÇÔöÇÔöÇÔöÇÔöÇÔöÇÔöÇÔöÇ
Found 1 match(es) for "testing":

[Chunk 1]:
...This is the first paragraph of the test Word document. This is the second paragraph. It contains information about testing the MCP server. The Document Reader MCP server can read Word, Excel, PDF, and PowerPoint files. This is the final par...

­ƒôè ===== EXCEL TESTS =====

============================================================
­ƒöº Tool: get_document_info
­ƒôª Args: {
  "filePath": "C:\\Users\\pc\\Documents\\work\\SELF PROJECTS\\PDF-PPT-MCP\\test.xlsx"
}
ÔöÇÔöÇÔöÇÔöÇÔöÇÔöÇÔöÇÔöÇÔöÇÔöÇÔöÇÔöÇÔöÇÔöÇÔöÇÔöÇÔöÇÔöÇÔöÇÔöÇÔöÇÔöÇÔöÇÔöÇÔöÇÔöÇÔöÇÔöÇÔöÇÔöÇÔöÇÔöÇÔöÇÔöÇÔöÇÔöÇÔöÇÔöÇÔöÇÔöÇÔöÇÔöÇÔöÇÔöÇÔöÇÔöÇÔöÇÔöÇÔöÇÔöÇÔöÇÔöÇÔöÇÔöÇÔöÇÔöÇÔöÇÔöÇÔöÇÔöÇ
­ƒôè **test.xlsx** ÔÇö Excel workbook
ÔÇó Sheets (2): "Employees", "Products"

============================================================
­ƒöº Tool: read_document_page
­ƒôª Args: {
  "filePath": "C:\\Users\\pc\\Documents\\work\\SELF PROJECTS\\PDF-PPT-MCP\\test.xlsx",
  "pageOrSheet": "Employees"
}
ÔöÇÔöÇÔöÇÔöÇÔöÇÔöÇÔöÇÔöÇÔöÇÔöÇÔöÇÔöÇÔöÇÔöÇÔöÇÔöÇÔöÇÔöÇÔöÇÔöÇÔöÇÔöÇÔöÇÔöÇÔöÇÔöÇÔöÇÔöÇÔöÇÔöÇÔöÇÔöÇÔöÇÔöÇÔöÇÔöÇÔöÇÔöÇÔöÇÔöÇÔöÇÔöÇÔöÇÔöÇÔöÇÔöÇÔöÇÔöÇÔöÇÔöÇÔöÇÔöÇÔöÇÔöÇÔöÇÔöÇÔöÇÔöÇÔöÇÔöÇ
--- Sheet: "Employees" ---

Name,Age,City
Alice,30,New York
Bob,25,London
Charlie,35,Tokyo

============================================================
­ƒöº Tool: read_document_page
­ƒôª Args: {
  "filePath": "C:\\Users\\pc\\Documents\\work\\SELF PROJECTS\\PDF-PPT-MCP\\test.xlsx",
  "pageOrSheet": "Products"
}
ÔöÇÔöÇÔöÇÔöÇÔöÇÔöÇÔöÇÔöÇÔöÇÔöÇÔöÇÔöÇÔöÇÔöÇÔöÇÔöÇÔöÇÔöÇÔöÇÔöÇÔöÇÔöÇÔöÇÔöÇÔöÇÔöÇÔöÇÔöÇÔöÇÔöÇÔöÇÔöÇÔöÇÔöÇÔöÇÔöÇÔöÇÔöÇÔöÇÔöÇÔöÇÔöÇÔöÇÔöÇÔöÇÔöÇÔöÇÔöÇÔöÇÔöÇÔöÇÔöÇÔöÇÔöÇÔöÇÔöÇÔöÇÔöÇÔöÇÔöÇ
--- Sheet: "Products" ---

Product,Price,Stock
Widget,9.99,100
Gadget,19.99,50
Doohickey,4.99,200

============================================================
­ƒöº Tool: search_document
­ƒôª Args: {
  "filePath": "C:\\Users\\pc\\Documents\\work\\SELF PROJECTS\\PDF-PPT-MCP\\test.xlsx",
  "query": "Alice"
}
ÔöÇÔöÇÔöÇÔöÇÔöÇÔöÇÔöÇÔöÇÔöÇÔöÇÔöÇÔöÇÔöÇÔöÇÔöÇÔöÇÔöÇÔöÇÔöÇÔöÇÔöÇÔöÇÔöÇÔöÇÔöÇÔöÇÔöÇÔöÇÔöÇÔöÇÔöÇÔöÇÔöÇÔöÇÔöÇÔöÇÔöÇÔöÇÔöÇÔöÇÔöÇÔöÇÔöÇÔöÇÔöÇÔöÇÔöÇÔöÇÔöÇÔöÇÔöÇÔöÇÔöÇÔöÇÔöÇÔöÇÔöÇÔöÇÔöÇÔöÇ
Found 1 match(es) for "Alice":

[Sheet "Employees"]:
...Name,Age,City Alice,30,New York Bob,25,London Charlie,35,Tokyo...

­ƒûÑ´©Å  ===== POWERPOINT TESTS =====

============================================================
­ƒöº Tool: get_document_info
­ƒôª Args: {
  "filePath": "C:\\Users\\pc\\Documents\\work\\SELF PROJECTS\\PDF-PPT-MCP\\test.pptx"
}
ÔöÇÔöÇÔöÇÔöÇÔöÇÔöÇÔöÇÔöÇÔöÇÔöÇÔöÇÔöÇÔöÇÔöÇÔöÇÔöÇÔöÇÔöÇÔöÇÔöÇÔöÇÔöÇÔöÇÔöÇÔöÇÔöÇÔöÇÔöÇÔöÇÔöÇÔöÇÔöÇÔöÇÔöÇÔöÇÔöÇÔöÇÔöÇÔöÇÔöÇÔöÇÔöÇÔöÇÔöÇÔöÇÔöÇÔöÇÔöÇÔöÇÔöÇÔöÇÔöÇÔöÇÔöÇÔöÇÔöÇÔöÇÔöÇÔöÇÔöÇ
Error parsing PPT/Office 
document: TypeError: 
text.trim is not a function
    at 
PptService.getDocumentChunks 
(C:\Users\pc\Documents\work\S
ELF PROJECTS\PDF-PPT-MCP\buil
d\services\ppt.service.js:24:
31)
    at async C:\Users\pc\Docu
ments\work\SELF PROJECTS\PDF-
PPT-MCP\build\index.js:185:32
    at async wrappedHandler (
C:\Users\pc\Documents\work\SE
LF PROJECTS\PDF-PPT-MCP\node_
modules\@modelcontextprotocol
\sdk\dist\cjs\server\index.js
:128:32)
ÔØî ERROR: MCP error -32603: 
Error in tool 
"get_document_info": Failed 
to read document: text.trim 
is not a function

============================================================
­ƒöº Tool: read_document_page
­ƒôª Args: {
  "filePath": "C:\\Users\\pc\\Documents\\work\\SELF PROJECTS\\PDF-PPT-MCP\\test.pptx",
  "pageOrSheet": "1"
}
ÔöÇÔöÇÔöÇÔöÇÔöÇÔöÇÔöÇÔöÇÔöÇÔöÇÔöÇÔöÇÔöÇÔöÇÔöÇÔöÇÔöÇÔöÇÔöÇÔöÇÔöÇÔöÇÔöÇÔöÇÔöÇÔöÇÔöÇÔöÇÔöÇÔöÇÔöÇÔöÇÔöÇÔöÇÔöÇÔöÇÔöÇÔöÇÔöÇÔöÇÔöÇÔöÇÔöÇÔöÇÔöÇÔöÇÔöÇÔöÇÔöÇÔöÇÔöÇÔöÇÔöÇÔöÇÔöÇÔöÇÔöÇÔöÇÔöÇÔöÇ
Error parsing PPT/Office 
document: TypeError: 
text.trim is not a function
    at 
PptService.getDocumentChunks 
(C:\Users\pc\Documents\work\S
ELF PROJECTS\PDF-PPT-MCP\buil
d\services\ppt.service.js:24:
31)
    at async 
PptService.getChunk (C:\Users
\pc\Documents\work\SELF PROJE
CTS\PDF-PPT-MCP\build\service
s\ppt.service.js:40:24)
    at async C:\Users\pc\Docu
ments\work\SELF PROJECTS\PDF-
PPT-MCP\build\index.js:218:29
    at async wrappedHandler (
C:\Users\pc\Documents\work\SE
LF PROJECTS\PDF-PPT-MCP\node_
modules\@modelcontextprotocol
\sdk\dist\cjs\server\index.js
:128:32)
ÔØî ERROR: MCP error -32603: 
Error in tool 
"read_document_page": Failed 
to read document: text.trim 
is not a function

============================================================
­ƒöº Tool: search_document
­ƒôª Args: {
  "filePath": "C:\\Users\\pc\\Documents\\work\\SELF PROJECTS\\PDF-PPT-MCP\\test.pptx",
  "query": "MCP"
}
ÔöÇÔöÇÔöÇÔöÇÔöÇÔöÇÔöÇÔöÇÔöÇÔöÇÔöÇÔöÇÔöÇÔöÇÔöÇÔöÇÔöÇÔöÇÔöÇÔöÇÔöÇÔöÇÔöÇÔöÇÔöÇÔöÇÔöÇÔöÇÔöÇÔöÇÔöÇÔöÇÔöÇÔöÇÔöÇÔöÇÔöÇÔöÇÔöÇÔöÇÔöÇÔöÇÔöÇÔöÇÔöÇÔöÇÔöÇÔöÇÔöÇÔöÇÔöÇÔöÇÔöÇÔöÇÔöÇÔöÇÔöÇÔöÇÔöÇÔöÇ
Error parsing PPT/Office 
document: TypeError: 
text.trim is not a function
    at 
PptService.getDocumentChunks 
(C:\Users\pc\Documents\work\S
ELF PROJECTS\PDF-PPT-MCP\buil
d\services\ppt.service.js:24:
31)
    at async C:\Users\pc\Docu
ments\work\SELF PROJECTS\PDF-
PPT-MCP\build\index.js:256:32
    at async wrappedHandler (
C:\Users\pc\Documents\work\SE
LF PROJECTS\PDF-PPT-MCP\node_
modules\@modelcontextprotocol
\sdk\dist\cjs\server\index.js
:128:32)
ÔØî ERROR: MCP error -32603: 
Error in tool 
"search_document": Failed to 
read document: text.trim is 
not a function

­ƒôü ===== LIST DIRECTORY TEST =====

============================================================
­ƒöº Tool: list_directory
­ƒôª Args: {
  "directoryPath": "C:\\Users\\pc\\Documents\\work\\SELF PROJECTS\\PDF-PPT-MCP"
}
ÔöÇÔöÇÔöÇÔöÇÔöÇÔöÇÔöÇÔöÇÔöÇÔöÇÔöÇÔöÇÔöÇÔöÇÔöÇÔöÇÔöÇÔöÇÔöÇÔöÇÔöÇÔöÇÔöÇÔöÇÔöÇÔöÇÔöÇÔöÇÔöÇÔöÇÔöÇÔöÇÔöÇÔöÇÔöÇÔöÇÔöÇÔöÇÔöÇÔöÇÔöÇÔöÇÔöÇÔöÇÔöÇÔöÇÔöÇÔöÇÔöÇÔöÇÔöÇÔöÇÔöÇÔöÇÔöÇÔöÇÔöÇÔöÇÔöÇÔöÇ
Found 4 document(s):

test.docx  (2.3 KB)
test.pdf  (1.8 KB)
test.pptx  (4.7 KB)
test.xlsx  (17.1 KB)

­ƒôû ===== READ FULL DOCUMENT (PDF) =====

============================================================
­ƒöº Tool: read_full_document
­ƒôª Args: {
  "filePath": "C:\\Users\\pc\\Documents\\work\\SELF PROJECTS\\PDF-PPT-MCP\\test.pdf",
  "maxChunks": 5
}
ÔöÇÔöÇÔöÇÔöÇÔöÇÔöÇÔöÇÔöÇÔöÇÔöÇÔöÇÔöÇÔöÇÔöÇÔöÇÔöÇÔöÇÔöÇÔöÇÔöÇÔöÇÔöÇÔöÇÔöÇÔöÇÔöÇÔöÇÔöÇÔöÇÔöÇÔöÇÔöÇÔöÇÔöÇÔöÇÔöÇÔöÇÔöÇÔöÇÔöÇÔöÇÔöÇÔöÇÔöÇÔöÇÔöÇÔöÇÔöÇÔöÇÔöÇÔöÇÔöÇÔöÇÔöÇÔöÇÔöÇÔöÇÔöÇÔöÇÔöÇ
--- Page 1 ---
This is page 1 of the test PDF.

-- 1 of 2 --

--- Page 2 ---
This is page 2. We are testing the
document reader MCP.

-- 2 of 2 --

============================================================
Ô£à All tests complete!
